client/src/pages/bulk-import.tsx(170,128): error TS1501: This regular expression flag is only available when targeting 'es6' or later.
client/src/pages/documents.tsx(290,42): error TS2538: Type 'null' cannot be used as an index type.
client/src/pages/documents.tsx(309,45): error TS2769: No overload matches this call.
  Overload 1 of 4, '(value: string | number | Date): Date', gave the following error.
    Argument of type 'Date | null' is not assignable to parameter of type 'string | number | Date'.
      Type 'null' is not assignable to type 'string | number | Date'.
  Overload 2 of 4, '(value: string | number): Date', gave the following error.
    Argument of type 'Date | null' is not assignable to parameter of type 'string | number'.
      Type 'null' is not assignable to type 'string | number'.
client/src/pages/question-bank.tsx(276,25): error TS2322: Type 'unknown' is not assignable to type 'ReactNode'.
client/src/pages/solve-case.tsx(247,29): error TS2322: Type 'unknown' is not assignable to type 'ReactNode'.
client/src/pages/spete-bank.tsx(279,25): error TS2322: Type 'unknown' is not assignable to type 'ReactNode'.
client/src/pages/spete-bank.tsx(290,25): error TS2322: Type 'unknown' is not assignable to type 'ReactNode'.
client/src/pages/wrong-answers.tsx(222,43): error TS2538: Type 'null' cannot be used as an index type.
client/src/pages/wrong-answers.tsx(303,19): error TS2322: Type 'unknown' is not assignable to type 'ReactNode'.
server/check-syllabus.ts(18,35): error TS18047: 't.description' is possibly 'null'.
server/debug-pdf-class.ts(18,54): error TS18046: 'e' is of type 'unknown'.
server/gemini.ts(48,5): error TS2353: Object literal may only specify known properties, and 'systemInstruction' does not exist in type 'GenerateContentParameters'.
server/gemini.ts(92,5): error TS2353: Object literal may only specify known properties, and 'systemInstruction' does not exist in type 'GenerateContentParameters'.
server/gemini.ts(163,5): error TS2353: Object literal may only specify known properties, and 'systemInstruction' does not exist in type 'GenerateContentParameters'.
server/gemini.ts(264,5): error TS2353: Object literal may only specify known properties, and 'systemInstruction' does not exist in type 'GenerateContentParameters'.
server/gemini.ts(364,5): error TS2353: Object literal may only specify known properties, and 'systemInstruction' does not exist in type 'GenerateContentParameters'.
server/gemini.ts(432,50): error TS2339: Property 'default' does not exist on type 'typeof import("C:/INM/Replit apps/INMAiMentor/node_modules/pdf-parse/dist/pdf-parse/esm/index")'.
server/gemini.ts(493,5): error TS2353: Object literal may only specify known properties, and 'systemInstruction' does not exist in type 'GenerateContentParameters'.
server/gemini.ts(567,5): error TS2353: Object literal may only specify known properties, and 'systemInstruction' does not exist in type 'GenerateContentParameters'.
server/gemini.ts(720,5): error TS2353: Object literal may only specify known properties, and 'systemInstruction' does not exist in type 'GenerateContentParameters'.
server/routes.ts(733,18): error TS2769: No overload matches this call.
  Overload 1 of 4, '(value: string | number | Date): Date', gave the following error.
    Argument of type 'Date | null' is not assignable to parameter of type 'string | number | Date'.
      Type 'null' is not assignable to type 'string | number | Date'.
  Overload 2 of 4, '(value: string | number): Date', gave the following error.
    Argument of type 'Date | null' is not assignable to parameter of type 'string | number'.
      Type 'null' is not assignable to type 'string | number'.
server/routes.ts(733,52): error TS2769: No overload matches this call.
  Overload 1 of 4, '(value: string | number | Date): Date', gave the following error.
    Argument of type 'Date | null' is not assignable to parameter of type 'string | number | Date'.
      Type 'null' is not assignable to type 'string | number | Date'.
  Overload 2 of 4, '(value: string | number): Date', gave the following error.
    Argument of type 'Date | null' is not assignable to parameter of type 'string | number'.
      Type 'null' is not assignable to type 'string | number'.
server/routes.ts(884,14): error TS7053: Element implicitly has an 'any' type because expression of type 'string' can't be used to index type '{ civil: { correct: number; total: number; }; "civil-procedural": { correct: number; total: number; }; penal: { correct: number; total: number; }; "penal-procedural": { correct: number; total: number; }; }'.
  No index signature with a parameter of type 'string' was found on type '{ civil: { correct: number; total: number; }; "civil-procedural": { correct: number; total: number; }; penal: { correct: number; total: number; }; "penal-procedural": { correct: number; total: number; }; }'.
server/routes.ts(884,34): error TS7053: Element implicitly has an 'any' type because expression of type 'string' can't be used to index type '{ civil: { correct: number; total: number; }; "civil-procedural": { correct: number; total: number; }; penal: { correct: number; total: number; }; "penal-procedural": { correct: number; total: number; }; }'.
  No index signature with a parameter of type 'string' was found on type '{ civil: { correct: number; total: number; }; "civil-procedural": { correct: number; total: number; }; penal: { correct: number; total: number; }; "penal-procedural": { correct: number; total: number; }; }'.
server/routes.ts(892,11): error TS7053: Element implicitly has an 'any' type because expression of type 'string' can't be used to index type '{ civil: { correct: number; total: number; }; "civil-procedural": { correct: number; total: number; }; penal: { correct: number; total: number; }; "penal-procedural": { correct: number; total: number; }; }'.
  No index signature with a parameter of type 'string' was found on type '{ civil: { correct: number; total: number; }; "civil-procedural": { correct: number; total: number; }; penal: { correct: number; total: number; }; "penal-procedural": { correct: number; total: number; }; }'.
server/routes.ts(907,16): error TS7053: Element implicitly has an 'any' type because expression of type 'string' can't be used to index type '{ civil: { correct: number; total: number; }; "civil-procedural": { correct: number; total: number; }; penal: { correct: number; total: number; }; "penal-procedural": { correct: number; total: number; }; }'.
  No index signature with a parameter of type 'string' was found on type '{ civil: { correct: number; total: number; }; "civil-procedural": { correct: number; total: number; }; penal: { correct: number; total: number; }; "penal-procedural": { correct: number; total: number; }; }'.
server/routes.ts(907,30): error TS7053: Element implicitly has an 'any' type because expression of type 'string' can't be used to index type '{ civil: { correct: number; total: number; }; "civil-procedural": { correct: number; total: number; }; penal: { correct: number; total: number; }; "penal-procedural": { correct: number; total: number; }; }'.
  No index signature with a parameter of type 'string' was found on type '{ civil: { correct: number; total: number; }; "civil-procedural": { correct: number; total: number; }; penal: { correct: number; total: number; }; "penal-procedural": { correct: number; total: number; }; }'.
server/routes.ts(908,11): error TS7053: Element implicitly has an 'any' type because expression of type 'string' can't be used to index type '{ civil: { correct: number; total: number; }; "civil-procedural": { correct: number; total: number; }; penal: { correct: number; total: number; }; "penal-procedural": { correct: number; total: number; }; }'.
  No index signature with a parameter of type 'string' was found on type '{ civil: { correct: number; total: number; }; "civil-procedural": { correct: number; total: number; }; penal: { correct: number; total: number; }; "penal-procedural": { correct: number; total: number; }; }'.
server/routes.ts(1510,17): error TS2304: Cannot find name 'and'.
server/routes.ts(1672,41): error TS2538: Type 'null' cannot be used as an index type.
server/routes.ts(1711,41): error TS2538: Type 'null' cannot be used as an index type.
server/routes.ts(2284,9): error TS2698: Spread types may only be created from object types.
server/seed-additional.ts(845,39): error TS2769: No overload matches this call.
  Overload 1 of 2, '(value: { subject: string | SQL<unknown> | Placeholder<string, any>; chapter: string | SQL<unknown> | Placeholder<string, any>; difficulty: string | SQL<unknown> | Placeholder<...>; ... 19 more ...; affectedByChange?: string | ... 3 more ... | undefined; }): PgInsertBase<...>', gave the following error.
    Argument of type '{ subject: string; chapter: string; difficulty: string; questionText: string; options: { text: string; correct: boolean; }[]; correctAnswer: number; explanation: string; legalReferences: string[]; }[]' is not assignable to parameter of type '{ subject: string | SQL<unknown> | Placeholder<string, any>; chapter: string | SQL<unknown> | Placeholder<string, any>; difficulty: string | SQL<unknown> | Placeholder<...>; ... 19 more ...; affectedByChange?: string | ... 3 more ... | undefined; }'.
      Type '{ subject: string; chapter: string; difficulty: string; questionText: string; options: { text: string; correct: boolean; }[]; correctAnswer: number; explanation: string; legalReferences: string[]; }[]' is missing the following properties from type '{ subject: string | SQL<unknown> | Placeholder<string, any>; chapter: string | SQL<unknown> | Placeholder<string, any>; difficulty: string | SQL<unknown> | Placeholder<...>; ... 19 more ...; affectedByChange?: string | ... 3 more ... | undefined; }': subject, chapter, difficulty, setType, and 3 more.
  Overload 2 of 2, '(values: { subject: string | SQL<unknown> | Placeholder<string, any>; chapter: string | SQL<unknown> | Placeholder<string, any>; difficulty: string | SQL<unknown> | Placeholder<...>; ... 19 more ...; affectedByChange?: string | ... 3 more ... | undefined; }[]): PgInsertBase<...>', gave the following error.
    Argument of type '{ subject: string; chapter: string; difficulty: string; questionText: string; options: { text: string; correct: boolean; }[]; correctAnswer: number; explanation: string; legalReferences: string[]; }[]' is not assignable to parameter of type '{ subject: string | SQL<unknown> | Placeholder<string, any>; chapter: string | SQL<unknown> | Placeholder<string, any>; difficulty: string | SQL<unknown> | Placeholder<...>; ... 19 more ...; affectedByChange?: string | ... 3 more ... | undefined; }[]'.
      Property 'setType' is missing in type '{ subject: string; chapter: string; difficulty: string; questionText: string; options: { text: string; correct: boolean; }[]; correctAnswer: number; explanation: string; legalReferences: string[]; }' but required in type '{ subject: string | SQL<unknown> | Placeholder<string, any>; chapter: string | SQL<unknown> | Placeholder<string, any>; difficulty: string | SQL<unknown> | Placeholder<...>; ... 19 more ...; affectedByChange?: string | ... 3 more ... | undefined; }'.
server/seed-final.ts(163,39): error TS2769: No overload matches this call.
  Overload 1 of 2, '(value: { subject: string | SQL<unknown> | Placeholder<string, any>; chapter: string | SQL<unknown> | Placeholder<string, any>; difficulty: string | SQL<unknown> | Placeholder<...>; ... 19 more ...; affectedByChange?: string | ... 3 more ... | undefined; }): PgInsertBase<...>', gave the following error.
    Argument of type '{ subject: string; chapter: string; difficulty: string; questionText: string; options: { text: string; correct: boolean; }[]; correctAnswer: number; explanation: string; legalReferences: string[]; }[]' is not assignable to parameter of type '{ subject: string | SQL<unknown> | Placeholder<string, any>; chapter: string | SQL<unknown> | Placeholder<string, any>; difficulty: string | SQL<unknown> | Placeholder<...>; ... 19 more ...; affectedByChange?: string | ... 3 more ... | undefined; }'.
      Type '{ subject: string; chapter: string; difficulty: string; questionText: string; options: { text: string; correct: boolean; }[]; correctAnswer: number; explanation: string; legalReferences: string[]; }[]' is missing the following properties from type '{ subject: string | SQL<unknown> | Placeholder<string, any>; chapter: string | SQL<unknown> | Placeholder<string, any>; difficulty: string | SQL<unknown> | Placeholder<...>; ... 19 more ...; affectedByChange?: string | ... 3 more ... | undefined; }': subject, chapter, difficulty, setType, and 3 more.
  Overload 2 of 2, '(values: { subject: string | SQL<unknown> | Placeholder<string, any>; chapter: string | SQL<unknown> | Placeholder<string, any>; difficulty: string | SQL<unknown> | Placeholder<...>; ... 19 more ...; affectedByChange?: string | ... 3 more ... | undefined; }[]): PgInsertBase<...>', gave the following error.
    Argument of type '{ subject: string; chapter: string; difficulty: string; questionText: string; options: { text: string; correct: boolean; }[]; correctAnswer: number; explanation: string; legalReferences: string[]; }[]' is not assignable to parameter of type '{ subject: string | SQL<unknown> | Placeholder<string, any>; chapter: string | SQL<unknown> | Placeholder<string, any>; difficulty: string | SQL<unknown> | Placeholder<...>; ... 19 more ...; affectedByChange?: string | ... 3 more ... | undefined; }[]'.
      Property 'setType' is missing in type '{ subject: string; chapter: string; difficulty: string; questionText: string; options: { text: string; correct: boolean; }[]; correctAnswer: number; explanation: string; legalReferences: string[]; }' but required in type '{ subject: string | SQL<unknown> | Placeholder<string, any>; chapter: string | SQL<unknown> | Placeholder<string, any>; difficulty: string | SQL<unknown> | Placeholder<...>; ... 19 more ...; affectedByChange?: string | ... 3 more ... | undefined; }'.
server/seed-test-data.ts(61,12): error TS18047: 'question.correctAnswer' is possibly 'null'.
server/seed-test-data.ts(78,10): error TS2339: Property 'where' does not exist on type 'Omit<PgSelectBase<"user_progress", { id: PgColumn<{ name: "id"; tableName: "user_progress"; dataType: "string"; columnType: "PgVarchar"; data: string; driverParam: string; notNull: true; hasDefault: true; isPrimaryKey: true; ... 5 more ...; generated: undefined; }, {}, { ...; }>; ... 7 more ...; updatedAt: PgColumn<...'.
server/seed-test-data.ts(120,41): error TS18047: 'p.accuracy' is possibly 'null'.
server/seed-unified.ts(25,39): error TS2769: No overload matches this call.
  Overload 1 of 2, '(value: { subject: string | SQL<unknown> | Placeholder<string, any>; chapter: string | SQL<unknown> | Placeholder<string, any>; difficulty: string | SQL<unknown> | Placeholder<...>; ... 19 more ...; affectedByChange?: string | ... 3 more ... | undefined; }): PgInsertBase<...>', gave the following error.
    Argument of type '{ subject: string; chapter: string; difficulty: string; questionText: string; options: { text: string; correct: boolean; }[]; correctAnswer: number; explanation: string; legalReferences: string[]; }[]' is not assignable to parameter of type '{ subject: string | SQL<unknown> | Placeholder<string, any>; chapter: string | SQL<unknown> | Placeholder<string, any>; difficulty: string | SQL<unknown> | Placeholder<...>; ... 19 more ...; affectedByChange?: string | ... 3 more ... | undefined; }'.
      Type '{ subject: string; chapter: string; difficulty: string; questionText: string; options: { text: string; correct: boolean; }[]; correctAnswer: number; explanation: string; legalReferences: string[]; }[]' is missing the following properties from type '{ subject: string | SQL<unknown> | Placeholder<string, any>; chapter: string | SQL<unknown> | Placeholder<string, any>; difficulty: string | SQL<unknown> | Placeholder<...>; ... 19 more ...; affectedByChange?: string | ... 3 more ... | undefined; }': subject, chapter, difficulty, setType, and 3 more.
  Overload 2 of 2, '(values: { subject: string | SQL<unknown> | Placeholder<string, any>; chapter: string | SQL<unknown> | Placeholder<string, any>; difficulty: string | SQL<unknown> | Placeholder<...>; ... 19 more ...; affectedByChange?: string | ... 3 more ... | undefined; }[]): PgInsertBase<...>', gave the following error.
    Argument of type '{ subject: string; chapter: string; difficulty: string; questionText: string; options: { text: string; correct: boolean; }[]; correctAnswer: number; explanation: string; legalReferences: string[]; }[]' is not assignable to parameter of type '{ subject: string | SQL<unknown> | Placeholder<string, any>; chapter: string | SQL<unknown> | Placeholder<string, any>; difficulty: string | SQL<unknown> | Placeholder<...>; ... 19 more ...; affectedByChange?: string | ... 3 more ... | undefined; }[]'.
      Property 'setType' is missing in type '{ subject: string; chapter: string; difficulty: string; questionText: string; options: { text: string; correct: boolean; }[]; correctAnswer: number; explanation: string; legalReferences: string[]; }' but required in type '{ subject: string | SQL<unknown> | Placeholder<string, any>; chapter: string | SQL<unknown> | Placeholder<string, any>; difficulty: string | SQL<unknown> | Placeholder<...>; ... 19 more ...; affectedByChange?: string | ... 3 more ... | undefined; }'.
server/seed.ts(655,39): error TS2769: No overload matches this call.
  Overload 1 of 2, '(value: { subject: string | SQL<unknown> | Placeholder<string, any>; chapter: string | SQL<unknown> | Placeholder<string, any>; difficulty: string | SQL<unknown> | Placeholder<...>; ... 19 more ...; affectedByChange?: string | ... 3 more ... | undefined; }): PgInsertBase<...>', gave the following error.
    Argument of type '{ subject: string; chapter: string; difficulty: string; questionText: string; options: { text: string; correct: boolean; }[]; correctAnswer: number; explanation: string; legalReferences: string[]; }[]' is not assignable to parameter of type '{ subject: string | SQL<unknown> | Placeholder<string, any>; chapter: string | SQL<unknown> | Placeholder<string, any>; difficulty: string | SQL<unknown> | Placeholder<...>; ... 19 more ...; affectedByChange?: string | ... 3 more ... | undefined; }'.
      Type '{ subject: string; chapter: string; difficulty: string; questionText: string; options: { text: string; correct: boolean; }[]; correctAnswer: number; explanation: string; legalReferences: string[]; }[]' is missing the following properties from type '{ subject: string | SQL<unknown> | Placeholder<string, any>; chapter: string | SQL<unknown> | Placeholder<string, any>; difficulty: string | SQL<unknown> | Placeholder<...>; ... 19 more ...; affectedByChange?: string | ... 3 more ... | undefined; }': subject, chapter, difficulty, setType, and 3 more.
  Overload 2 of 2, '(values: { subject: string | SQL<unknown> | Placeholder<string, any>; chapter: string | SQL<unknown> | Placeholder<string, any>; difficulty: string | SQL<unknown> | Placeholder<...>; ... 19 more ...; affectedByChange?: string | ... 3 more ... | undefined; }[]): PgInsertBase<...>', gave the following error.
    Argument of type '{ subject: string; chapter: string; difficulty: string; questionText: string; options: { text: string; correct: boolean; }[]; correctAnswer: number; explanation: string; legalReferences: string[]; }[]' is not assignable to parameter of type '{ subject: string | SQL<unknown> | Placeholder<string, any>; chapter: string | SQL<unknown> | Placeholder<string, any>; difficulty: string | SQL<unknown> | Placeholder<...>; ... 19 more ...; affectedByChange?: string | ... 3 more ... | undefined; }[]'.
      Property 'setType' is missing in type '{ subject: string; chapter: string; difficulty: string; questionText: string; options: { text: string; correct: boolean; }[]; correctAnswer: number; explanation: string; legalReferences: string[]; }' but required in type '{ subject: string | SQL<unknown> | Placeholder<string, any>; chapter: string | SQL<unknown> | Placeholder<string, any>; difficulty: string | SQL<unknown> | Placeholder<...>; ... 19 more ...; affectedByChange?: string | ... 3 more ... | undefined; }'.
server/services/clean-room/compliance-logger.ts(144,9): error TS2741: Property 'article_breakdown' is missing in type '{ legal_concept_explanation: number; question_explanation: number; legal_synthesis: number; exam_question_generation: number; }' but required in type 'Record<CleanRoomGenerationType, number>'.
server/services/clean-room/indexer.ts(24,46): error TS2769: No overload matches this call.
  Overload 1 of 2, '(value: { username: string | SQL<unknown> | Placeholder<string, any>; password: string | SQL<unknown> | Placeholder<string, any>; fullName: string | SQL<unknown> | Placeholder<...>; ... 7 more ...; lastLoginAt?: Date | ... 3 more ... | undefined; }): PgInsertBase<...>', gave the following error.
    Argument of type '{ email: string; password: string; fullName: string; subscriptionTier: string; }' is not assignable to parameter of type '{ username: string | SQL<unknown> | Placeholder<string, any>; password: string | SQL<unknown> | Placeholder<string, any>; fullName: string | SQL<unknown> | Placeholder<...>; ... 7 more ...; lastLoginAt?: Date | ... 3 more ... | undefined; }'.
      Property 'username' is missing in type '{ email: string; password: string; fullName: string; subscriptionTier: string; }' but required in type '{ username: string | SQL<unknown> | Placeholder<string, any>; password: string | SQL<unknown> | Placeholder<string, any>; fullName: string | SQL<unknown> | Placeholder<...>; ... 7 more ...; lastLoginAt?: Date | ... 3 more ... | undefined; }'.
  Overload 2 of 2, '(values: { username: string | SQL<unknown> | Placeholder<string, any>; password: string | SQL<unknown> | Placeholder<string, any>; fullName: string | SQL<unknown> | Placeholder<...>; ... 7 more ...; lastLoginAt?: Date | ... 3 more ... | undefined; }[]): PgInsertBase<...>', gave the following error.
    Object literal may only specify known properties, and 'email' does not exist in type '{ username: string | SQL<unknown> | Placeholder<string, any>; password: string | SQL<unknown> | Placeholder<string, any>; fullName: string | SQL<unknown> | Placeholder<...>; ... 7 more ...; lastLoginAt?: Date | ... 3 more ... | undefined; }[]'.
server/services/legislative-scraper.ts(392,17): error TS2322: Type 'string' is not assignable to type 'number'.
server/services/legislative-scraper.ts(395,13): error TS2322: Type 'string' is not assignable to type 'number'.
server/services/legislative-scraper.ts(419,9): error TS2322: Type 'string' is not assignable to type 'number'.
server/services/portal-just-api.ts(239,39): error TS2345: Argument of type 'string | undefined' is not assignable to parameter of type 'string'.
  Type 'undefined' is not assignable to type 'string'.
server/test-submit.ts(2,19): error TS7016: Could not find a declaration file for module 'node-fetch'. 'C:/INM/Replit apps/INMAiMentor/node_modules/node-fetch/lib/index.js' implicitly has an 'any' type.
  If the 'node-fetch' package actually exposes this module, try adding a new declaration (.d.ts) file containing `declare module 'node-fetch';`
